// Jest Snapshot v1, https://goo.gl/fbAQLP

exports[`matches snapshot 1`] = `
<DocumentFragment>
  <form>
    <h3>
      Create Todo
    </h3>
    <label
      for="name"
    >
      Name
    </label>
    <input
      id="name"
      name="name"
      placeholder="name"
      type="text"
      value=""
    />
    <button
      role="button"
    >
      Add Todo
    </button>
  </form>
</DocumentFragment>
`;
